Archive member included because of file (symbol)

c:/program files (x86)/gnu tools arm embedded/4.9 2015q1/bin/../lib/gcc/arm-none-eabi/4.9.3/armv7e-m\libgcc.a(_arm_addsubdf3.o)
                              ..\obj\main.o (__aeabi_ui2d)
c:/program files (x86)/gnu tools arm embedded/4.9 2015q1/bin/../lib/gcc/arm-none-eabi/4.9.3/armv7e-m\libgcc.a(_arm_muldivdf3.o)
                              ..\obj\main.o (__aeabi_dmul)
c:/program files (x86)/gnu tools arm embedded/4.9 2015q1/bin/../lib/gcc/arm-none-eabi/4.9.3/armv7e-m\libgcc.a(_arm_truncdfsf2.o)
                              ..\obj\main.o (__aeabi_d2f)

Allocating common symbols
Common symbol       size              file

month               0x1               ..\obj\main.o
hour                0x1               ..\obj\main.o
min                 0x1               ..\obj\main.o
year                0x1               ..\obj\main.o
sec                 0x1               ..\obj\main.o
day                 0x1               ..\obj\main.o
date                0x1               ..\obj\main.o

Discarded input sections

 .text          0x00000000        0x0 ..\obj\hibernate.o
 .data          0x00000000        0x0 ..\obj\hibernate.o
 .bss           0x00000000        0x0 ..\obj\hibernate.o
 .text._HibernateWriteComplete
                0x00000000       0x1c ..\obj\hibernate.o
 .text.HibernateEnableExpClk
                0x00000000       0x24 ..\obj\hibernate.o
 .text.HibernateDisable
                0x00000000       0x1c ..\obj\hibernate.o
 .text.HibernateClockConfig
                0x00000000       0x70 ..\obj\hibernate.o
 .text.HibernateRTCEnable
                0x00000000       0x1c ..\obj\hibernate.o
 .text.HibernateRTCDisable
                0x00000000       0x1c ..\obj\hibernate.o
 .text.HibernateBatCheckStart
                0x00000000       0x1c ..\obj\hibernate.o
 .text.HibernateBatCheckDone
                0x00000000       0x1c ..\obj\hibernate.o
 .text.HibernateWakeSet
                0x00000000       0x8c ..\obj\hibernate.o
 .text.HibernateWakeGet
                0x00000000       0x58 ..\obj\hibernate.o
 .text.HibernateLowBatSet
                0x00000000       0x2c ..\obj\hibernate.o
 .text.HibernateLowBatGet
                0x00000000       0x1c ..\obj\hibernate.o
 .text.HibernateRTCSet
                0x00000000       0x38 ..\obj\hibernate.o
 .text.HibernateRTCGet
                0x00000000       0x18 ..\obj\hibernate.o
 .text.HibernateRTCMatchSet
                0x00000000       0x20 ..\obj\hibernate.o
 .text.HibernateRTCMatchGet
                0x00000000       0x1c ..\obj\hibernate.o
 .text.HibernateRTCSSMatchSet
                0x00000000       0x20 ..\obj\hibernate.o
 .text.HibernateRTCSSMatchGet
                0x00000000       0x20 ..\obj\hibernate.o
 .text.HibernateRTCSSGet
                0x00000000       0x1c ..\obj\hibernate.o
 .text.HibernateRTCTrimSet
                0x00000000       0x1c ..\obj\hibernate.o
 .text.HibernateRTCTrimGet
                0x00000000       0x18 ..\obj\hibernate.o
 .text.HibernateDataSet
                0x00000000       0x44 ..\obj\hibernate.o
 .text.HibernateDataGet
                0x00000000       0x40 ..\obj\hibernate.o
 .text.HibernateRequest
                0x00000000       0x1c ..\obj\hibernate.o
 .text.HibernateIntEnable
                0x00000000       0x24 ..\obj\hibernate.o
 .text.HibernateIntDisable
                0x00000000       0x24 ..\obj\hibernate.o
 .text._HibernateIntNumberGet
                0x00000000       0x38 ..\obj\hibernate.o
 .text.HibernateIntRegister
                0x00000000       0x24 ..\obj\hibernate.o
 .text.HibernateIntUnregister
                0x00000000       0x20 ..\obj\hibernate.o
 .text.HibernateIntStatus
                0x00000000       0x30 ..\obj\hibernate.o
 .text.HibernateIntClear
                0x00000000       0x24 ..\obj\hibernate.o
 .text.HibernateIsActive
                0x00000000       0x24 ..\obj\hibernate.o
 .text.HibernateGPIORetentionEnable
                0x00000000       0x20 ..\obj\hibernate.o
 .text.HibernateGPIORetentionDisable
                0x00000000       0x20 ..\obj\hibernate.o
 .text.HibernateGPIORetentionGet
                0x00000000       0x2c ..\obj\hibernate.o
 .text.HibernateCounterMode
                0x00000000       0x1c ..\obj\hibernate.o
 .text._HibernateCalendarSet
                0x00000000      0x150 ..\obj\hibernate.o
 .text.HibernateCalendarSet
                0x00000000       0x1c ..\obj\hibernate.o
 .text.HibernateCalendarGet
                0x00000000       0xcc ..\obj\hibernate.o
 .text.HibernateCalendarMatchSet
                0x00000000       0x1c ..\obj\hibernate.o
 .text.HibernateCalendarMatchGet
                0x00000000       0xcc ..\obj\hibernate.o
 .text.HibernateTamperEventsConfig
                0x00000000       0x48 ..\obj\hibernate.o
 .text.HibernateTamperEnable
                0x00000000       0x38 ..\obj\hibernate.o
 .text.HibernateTamperDisable
                0x00000000       0x38 ..\obj\hibernate.o
[...]
Memory Configuration

Name             Origin             Length             Attributes
rom              0x00000000         0x00040000         xr
ram              0x20000000         0x00008000         xrw
*default*        0x00000000         0xffffffff

Linker script and memory map

                0x20008000                _eram = 0x20008000

.text           0x00000000     0x1c8c
 *(.isr_vector)
 .isr_vector    0x00000000      0x26c ..\obj\startup_Cortex_M4.o
                0x00000000                g_pfnVectors
 *(.text*)
 .text.I2CMasterInitExpClk
                0x0000026c       0x98 ..\obj\i2c.o
                0x0000026c                I2CMasterInitExpClk
 .text.I2CMasterEnable
                0x00000304       0x24 ..\obj\i2c.o
                0x00000304                I2CMasterEnable
 .text.I2CMasterSlaveAddrSet
                0x00000328       0x28 ..\obj\i2c.o
                0x00000328                I2CMasterSlaveAddrSet
 .text.I2CMasterBusy
                0x00000350       0x28 ..\obj\i2c.o
                0x00000350                I2CMasterBusy
 .text.I2CMasterControl
                0x00000378       0x20 ..\obj\i2c.o
                0x00000378                I2CMasterControl
 .text.I2CMasterDataPut
                0x00000398       0x20 ..\obj\i2c.o
                0x00000398                I2CMasterDataPut
 .text.I2CMasterDataGet
                0x000003b8       0x1c ..\obj\i2c.o
                0x000003b8                I2CMasterDataGet
 .text.Init     0x000003d4       0x6c ..\obj\main.o
                0x000003d4                Init
 .text.InitI2C0
                0x00000440       0x54 ..\obj\main.o
                0x00000440                InitI2C0
 .text.I2CReceive
                0x00000494       0x84 ..\obj\main.o
                0x00000494                I2CReceive
 .text.bcd2dec  0x00000518       0x34 ..\obj\main.o
                0x00000518                bcd2dec
 .text.GetClock
                0x0000054c       0x2c ..\obj\main.o
                0x0000054c                GetClock
 .text.main     0x00000578      0x1f0 ..\obj\main.o
                0x00000578                main
 .text.SysCtlPeripheralEnable
                0x00000768       0x4c ..\obj\sysctl.o
                0x00000768                SysCtlPeripheralEnable
 .text.SysCtlDelay
                0x000007b4        0x8 ..\obj\sysctl.o
                0x000007b4                SysCtlDelay
 .text.SysCtlClockSet
                0x000007bc      0x1f4 ..\obj\sysctl.o
                0x000007bc                SysCtlClockSet
 .text.SysCtlClockGet
                0x000009b0      0x204 ..\obj\sysctl.o
                0x000009b0                SysCtlClockGet
 .text.GPIODirModeSet
                0x00000bb4       0x78 ..\obj\gpio.o
                0x00000bb4                GPIODirModeSet
 .text.GPIOPadConfigSet
                0x00000c2c      0x2bc ..\obj\gpio.o
                0x00000c2c                GPIOPadConfigSet
 .text.GPIOPinTypeGPIOInput
                0x00000ee8       0x2c ..\obj\gpio.o
                0x00000ee8                GPIOPinTypeGPIOInput
 .text.GPIOPinTypeGPIOOutput
                0x00000f14       0x2c ..\obj\gpio.o
                0x00000f14                GPIOPinTypeGPIOOutput
 .text.GPIOPinTypeI2C
                0x00000f40       0x2c ..\obj\gpio.o
                0x00000f40                GPIOPinTypeI2C
 .text.GPIOPinTypeI2CSCL
                0x00000f6c       0x2c ..\obj\gpio.o
                0x00000f6c                GPIOPinTypeI2CSCL
 .text.GPIOPinConfigure
                0x00000f98       0x84 ..\obj\gpio.o
                0x00000f98                GPIOPinConfigure
 .text.Default_Reset_Handler
                0x0000101c       0x58 ..\obj\startup_Cortex_M4.o
                0x0000101c                Default_Reset_Handler
                0x0000101c                Reset_Handler
 .text.Default_Handler
                0x00001074        0x8 ..\obj\startup_Cortex_M4.o
                0x00001074                PECI0_IRQHandler
                0x00001074                GPIOPortP4_IRQHandler
                0x00001074                PWM1Gen3_IRQHandler
                0x00001074                DebugMon_Handler
                0x00001074                QEI2_IRQHandler
                0x00001074                FlashCtrl_IRQHandler
                0x00001074                GPIOPortP7_IRQHandler
                0x00001074                Timer0B_IRQHandler
                0x00001074                I2C0_IRQHandler
                0x00001074                HardFault_Handler
                0x00001074                SysTick_Handler
                0x00001074                PendSV_Handler
                0x00001074                NMI_Handler
                0x00001074                I2C1_IRQHandler
                0x00001074                GPIOPortP5_IRQHandler
                0x00001074                PWMGen0_IRQHandler
                0x00001074                UART1_IRQHandler
                0x00001074                CAN1_IRQHandler
                0x00001074                Timer1B_IRQHandler
                0x00001074                WTimer5A_IRQHandler
                0x00001074                Watchdog_IRQHandler
                0x00001074                GPIOPortS_IRQHandler
                0x00001074                GPIOPortQ7_IRQHandler
                0x00001074                PWM1Gen2_IRQHandler
                0x00001074                UART0_IRQHandler
                0x00001074                GPIOPortL_IRQHandler
                0x00001074                SSI0_IRQHandler
                0x00001074                GPIOPortM_IRQHandler
                0x00001074                FPU_IRQHandler
                0x00001074                UsageFault_Handler
                0x00001074                ADCSeq1_IRQHandler
                0x00001074                GPIOPortP0_IRQHandler
                0x00001074                LPC0_IRQHandler
                0x00001074                PWMFault_IRQHandler
                0x00001074                I2C5_IRQHandler
                0x00001074                I2C4_IRQHandler
                0x00001074                GPIOPortQ5_IRQHandler
                0x00001074                PWMGen1_IRQHandler
                0x00001074                SSI1_IRQHandler
                0x00001074                I2C2_IRQHandler
                0x00001074                uDMA_IRQHandler
                0x00001074                UART5_IRQHandler
                0x00001074                GPIOPortC_IRQHandler
                0x00001074                WTimer5B_IRQHandler
                0x00001074                GPIOPortK_IRQHandler
                0x00001074                ADCSeq2_IRQHandler
                0x00001074                PWMGen2_IRQHandler
                0x00001074                UART2_IRQHandler
                0x00001074                GPIOPortP3_IRQHandler
                0x00001074                ADC1Seq0_IRQHandler
                0x00001074                UART4_IRQHandler
                0x00001074                GPIOPortJ_IRQHandler
                0x00001074                WTimer2B_IRQHandler
                0x00001074                Timer5A_IRQHandler
                0x00001074                WTimer0A_IRQHandler
                0x00001074                Timer4A_IRQHandler
                0x00001074                WTimer1A_IRQHandler
                0x00001074                uDMAErr_IRQHandler
                0x00001074                QEI1_IRQHandler
                0x00001074                PWM1Fault_IRQHandler
                0x00001074                GPIOPortP6_IRQHandler
                0x00001074                WTimer3A_IRQHandler
                0x00001074                QEI0_IRQHandler
                0x00001074                WTimer1B_IRQHandler
                0x00001074                ADC1Seq2_IRQHandler
                0x00001074                ADC1Seq1_IRQHandler
                0x00001074                PWMGen3_IRQHandler
                0x00001074                GPIOPortD_IRQHandler
                0x00001074                USB0_IRQHandler
                0x00001074                I2C3_IRQHandler
                0x00001074                WTimer0B_IRQHandler
                0x00001074                MemManage_Handler
                0x00001074                SVC_Handler
                0x00001074                GPIOPortP2_IRQHandler
                0x00001074                GPIOPortQ4_IRQHandler
                0x00001074                Timer3B_IRQHandler
                0x00001074                Timer3A_IRQHandler
                0x00001074                GPIOPortA_IRQHandler
                0x00001074                ADC1Seq3_IRQHandler
                0x00001074                Timer0A_IRQHandler
                0x00001074                GPIOPortP1_IRQHandler
                0x00001074                ADCSeq0_IRQHandler
                0x00001074                Timer1A_IRQHandler
                0x00001074                GPIOPortG_IRQHandler
                0x00001074                WTimer3B_IRQHandler
                0x00001074                Fan0_IRQHandler
                0x00001074                GPIOPortQ3_IRQHandler
                0x00001074                GPIOPortQ1_IRQHandler
                0x00001074                Timer5B_IRQHandler
                0x00001074                ADCSeq3_IRQHandler
                0x00001074                GPIOPortE_IRQHandler
                0x00001074                WTimer4B_IRQHandler
                0x00001074                CAN0_IRQHandler
                0x00001074                GPIOPortQ0_IRQHandler
                0x00001074                Comp0_IRQHandler
                0x00001074                Comp1_IRQHandler
                0x00001074                Comp2_IRQHandler
                0x00001074                GPIOPortQ6_IRQHandler
                0x00001074                SSI2_IRQHandler
                0x00001074                PWM1Gen0_IRQHandler
                0x00001074                GPIOPortF_IRQHandler
                0x00001074                UART7_IRQHandler
                0x00001074                UART6_IRQHandler
                0x00001074                GPIOPortB_IRQHandler
                0x00001074                CAN2_IRQHandler
                0x00001074                GPIOPortH_IRQHandler
                0x00001074                GPIOPortQ2_IRQHandler
                0x00001074                GPIOPortR_IRQHandler
                0x00001074                Timer4B_IRQHandler
                0x00001074                BusFault_Handler
                0x00001074                WTimer4A_IRQHandler
                0x00001074                Timer2A_IRQHandler
                0x00001074                SSI3_IRQHandler
                0x00001074                Timer2B_IRQHandler
                0x00001074                GPIOPortN_IRQHandler
                0x00001074                UART3_IRQHandler
                0x00001074                SysCtrl_IRQHandler
                0x00001074                WTimer2A_IRQHandler
                0x00001074                Hibernate_IRQHandler
                0x00001074                PWM1Gen1_IRQHandler
 .text          0x0000107c      0x370 c:/program files (x86)/gnu tools arm embedded/4.9 2015q1/bin/../lib/gcc/arm-none-eabi/4.9.3/armv7e-m\libgcc.a(_arm_addsubdf3.o)
                0x0000107c                __aeabi_drsub
                0x00001084                __aeabi_dsub
                0x00001084                __subdf3
                0x00001088                __aeabi_dadd
                0x00001088                __adddf3
                0x00001300                __floatunsidf
                0x00001300                __aeabi_ui2d
                0x00001320                __floatsidf
                0x00001320                __aeabi_i2d
                0x00001344                __aeabi_f2d
                0x00001344                __extendsfdf2
                0x00001380                __floatundidf
                0x00001380                __aeabi_ul2d
                0x00001390                __floatdidf
                0x00001390                __aeabi_l2d
 .text          0x000013ec      0x424 c:/program files (x86)/gnu tools arm embedded/4.9 2015q1/bin/../lib/gcc/arm-none-eabi/4.9.3/armv7e-m\libgcc.a(_arm_muldivdf3.o)
                0x000013ec                __aeabi_dmul
                0x000013ec                __muldf3
                0x00001640                __divdf3
                0x00001640                __aeabi_ddiv
 .text          0x00001810       0xa0 c:/program files (x86)/gnu tools arm embedded/4.9 2015q1/bin/../lib/gcc/arm-none-eabi/4.9.3/armv7e-m\libgcc.a(_arm_truncdfsf2.o)
                0x00001810                __truncdfsf2
                0x00001810                __aeabi_d2f
 *(.init)
 *(.fini)
 *crtbegin.o(.ctors)
 *crtbegin?.o(.ctors)
 *(EXCLUDE_FILE(*crtend.o *crtend?.o) .ctors)
 *(SORT(.ctors.*))
 *(.ctors)
 *crtbegin.o(.dtors)
 *crtbegin?.o(.dtors)
 *(EXCLUDE_FILE(*crtend.o *crtend?.o) .dtors)
 *(SORT(.dtors.*))
 *(.dtors)
 *(.rodata*)
 .rodata        0x000018b0      0x1c4 ..\obj\sysctl.o
 .rodata        0x00001a74      0x218 ..\obj\gpio.o
 *(.eh_fram e*)

.glue_7         0x00001c8c        0x0
 .glue_7        0x00000000        0x0 linker stubs

.glue_7t        0x00001c8c        0x0
 .glue_7t       0x00000000        0x0 linker stubs

.vfp11_veneer   0x00001c8c        0x0
 .vfp11_veneer  0x00000000        0x0 linker stubs

.v4_bx          0x00001c8c        0x0
 .v4_bx         0x00000000        0x0 linker stubs

.iplt           0x00001c8c        0x0
 .iplt          0x00000000        0x0 ..\obj\hibernate.o

.rel.dyn        0x00001c8c        0x0
 .rel.iplt      0x00000000        0x0 ..\obj\hibernate.o

.ARM.extab
 *(.ARM.extab* .gnu.linkonce.armextab.*)
                0x00001c8c                __exidx_start = .

.ARM.exidx
 *(.ARM.exidx* .gnu.linkonce.armexidx.*)
                0x00001c8c                __exidx_end = .
                0x00001c8c                __etext = .
                0x00001c8c                _sidata = __etext

.data           0x20000000        0x0 load address 0x00001c8c
                0x20000000                __data_start__ = .
                0x20000000                _sdata = __data_start__
 *(vtable)
 *(.data*)
                0x20000000                . = ALIGN (0x4)
                0x20000000                PROVIDE (__preinit_array_start, .)
 *(.preinit_array)
                0x20000000                PROVIDE (__preinit_array_end, .)
                0x20000000                . = ALIGN (0x4)
                0x20000000                PROVIDE (__init_array_start, .)
 *(SORT(.init_array.*))
 *(.init_array)
                0x20000000                PROVIDE (__init_array_end, .)
                0x20000000                . = ALIGN (0x4)
                0x20000000                PROVIDE (__fini_array_start, .)
 *(SORT(.fini_array.*))
 *(.fini_array)
                0x20000000                PROVIDE (__fini_array_end, .)
 *(.jcr*)
                0x20000000                . = ALIGN (0x4)
                0x20000000                __data_end__ = .
                0x20000000                _edata = __data_end__

.igot.plt       0x20000000        0x0
 .igot.plt      0x00000000        0x0 ..\obj\hibernate.o

.bss            0x20000000       0x1c
                0x20000000                . = ALIGN (0x4)
                0x20000000                __bss_start__ = .
                0x20000000                _sbss = __bss_start__
 *(.bss*)
 .bss           0x20000000       0x14 ..\obj\main.o
                0x20000010                Tg
 *(COMMON)
 COMMON         0x20000014        0x7 ..\obj\main.o
                0x20000014                month
                0x20000015                hour
                0x20000016                min
                0x20000017                year
                0x20000018                sec
                0x20000019                day
                0x2000001a                date
                0x2000001c                . = ALIGN (0x4)
 *fill*         0x2000001b        0x1 
                0x2000001c                __bss_end__ = .
                0x2000001c                _ebss = __bss_end__

.heap           0x2000001c        0x0
                0x2000001c                __end__ = .
                0x2000001c                _end = __end__
                0x2000001c                end = __end__
 *(.heap*)
                0x2000001c                __HeapLimit = .

.co_stack       0x2000001c      0x804
                0x20000020                . = ALIGN (0x8)
 *fill*         0x2000001c        0x4 
 *(.co_stack .co_stack.*)
 .co_stack      0x20000020      0x800 ..\obj\startup_Cortex_M4.o
                0x20000020                pulStack
                0x20008000                __StackTop = (ORIGIN (ram) + 0x8000)
                0x200077fc                __StackLimit = (__StackTop - SIZEOF (.co_stack))
                0x20008000                PROVIDE (__stack, __StackTop)
                0x00000001                ASSERT ((__StackLimit >= __HeapLimit), region ram  overflowed with stack)
LOAD ..\obj\hibernate.o
LOAD ..\obj\i2c.o
LOAD ..\obj\flash.o
LOAD ..\obj\timer.o
LOAD ..\obj\emac.o
LOAD ..\obj\pwm.o
LOAD ..\obj\uart.o
LOAD ..\obj\fpu.o
LOAD ..\obj\sw_crc.o
LOAD ..\obj\epi.o
LOAD ..\obj\main.o
LOAD ..\obj\sysctl.o
LOAD ..\obj\usb.o
LOAD ..\obj\shamd5.o
LOAD ..\obj\can.o
LOAD ..\obj\watchdog.o
LOAD ..\obj\comp.o
LOAD ..\obj\gpio.o
LOAD ..\obj\aes.o
LOAD ..\obj\crc.o
LOAD ..\obj\onewire.o
LOAD ..\obj\interrupt.o
LOAD ..\obj\mpu.o
LOAD ..\obj\syscalls.o
LOAD ..\obj\ssi.o
LOAD ..\obj\adc.o
LOAD ..\obj\lcd.o
LOAD ..\obj\qei.o
LOAD ..\obj\sysexc.o
LOAD ..\obj\startup_Cortex_M4.o
LOAD ..\obj\cpu.o
LOAD ..\obj\systick.o
LOAD ..\obj\udma.o
LOAD ..\obj\des.o
LOAD ..\obj\eeprom.o
START GROUP
LOAD c:/program files (x86)/gnu tools arm embedded/4.9 2015q1/bin/../lib/gcc/arm-none-eabi/4.9.3/armv7e-m\libgcc.a
LOAD c:/program files (x86)/gnu tools arm embedded/4.9 2015q1/bin/../lib/gcc/arm-none-eabi/4.9.3/../../../../arm-none-eabi/lib/armv7e-m\libg.a
LOAD c:/program files (x86)/gnu tools arm embedded/4.9 2015q1/bin/../lib/gcc/arm-none-eabi/4.9.3/../../../../arm-none-eabi/lib/armv7e-m\libc.a
END GROUP
OUTPUT(Test011 - I2C DS1307.elf elf32-littlearm)

.debug_info     0x00000000     0x2812
 .debug_info    0x00000000      0xc0a ..\obj\i2c.o
 .debug_info    0x00000c0a      0x3b6 ..\obj\main.o
 .debug_info    0x00000fc0      0xac6 ..\obj\sysctl.o
 .debug_info    0x00001a86      0xc60 ..\obj\gpio.o
 .debug_info    0x000026e6      0x12c ..\obj\startup_Cortex_M4.o

.debug_abbrev   0x00000000      0x627
 .debug_abbrev  0x00000000      0x11e ..\obj\i2c.o
 .debug_abbrev  0x0000011e      0x1a3 ..\obj\main.o
 .debug_abbrev  0x000002c1      0x1a7 ..\obj\sysctl.o
 .debug_abbrev  0x00000468      0x104 ..\obj\gpio.o
 .debug_abbrev  0x0000056c       0xbb ..\obj\startup_Cortex_M4.o

.debug_aranges  0x00000000      0x5d0
 .debug_aranges
                0x00000000      0x1d0 ..\obj\i2c.o
 .debug_aranges
                0x000001d0       0x68 ..\obj\main.o
 .debug_aranges
                0x00000238      0x1e0 ..\obj\sysctl.o
 .debug_aranges
                0x00000418      0x190 ..\obj\gpio.o
 .debug_aranges
                0x000005a8       0x28 ..\obj\startup_Cortex_M4.o

.debug_ranges   0x00000000      0x580
 .debug_ranges  0x00000000      0x1c0 ..\obj\i2c.o
 .debug_ranges  0x000001c0       0x58 ..\obj\main.o
 .debug_ranges  0x00000218      0x1d0 ..\obj\sysctl.o
 .debug_ranges  0x000003e8      0x180 ..\obj\gpio.o
 .debug_ranges  0x00000568       0x18 ..\obj\startup_Cortex_M4.o

.debug_line     0x00000000     0x189e
 .debug_line    0x00000000      0x5d2 ..\obj\i2c.o
 .debug_line    0x000005d2      0x30b ..\obj\main.o
 .debug_line    0x000008dd      0x71e ..\obj\sysctl.o
 .debug_line    0x00000ffb      0x7fc ..\obj\gpio.o
 .debug_line    0x000017f7       0xa7 ..\obj\startup_Cortex_M4.o

.debug_str      0x00000000     0x1441
 .debug_str     0x00000000      0x64a ..\obj\i2c.o
                                0x6b9 (size before relaxing)
 .debug_str     0x0000064a      0x170 ..\obj\main.o
                                0x2ac (size before relaxing)
 .debug_str     0x000007ba      0x6df ..\obj\sysctl.o
                                0x83a (size before relaxing)
 .debug_str     0x00000e99      0x4f2 ..\obj\gpio.o
                                0x678 (size before relaxing)
 .debug_str     0x0000138b       0xb6 ..\obj\startup_Cortex_M4.o
                                0x1bf (size before relaxing)

.comment        0x00000000       0x70
 .comment       0x00000000       0x70 ..\obj\i2c.o
                                 0x71 (size before relaxing)
 .comment       0x00000000       0x71 ..\obj\main.o
 .comment       0x00000000       0x71 ..\obj\sysctl.o
 .comment       0x00000000       0x71 ..\obj\gpio.o
 .comment       0x00000000       0x71 ..\obj\startup_Cortex_M4.o

.ARM.attributes
                0x00000000       0x33
 .ARM.attributes
                0x00000000       0x33 ..\obj\i2c.o
 .ARM.attributes
                0x00000033       0x33 ..\obj\main.o
 .ARM.attributes
                0x00000066       0x33 ..\obj\sysctl.o
 .ARM.attributes
                0x00000099       0x33 ..\obj\gpio.o
 .ARM.attributes
                0x000000cc       0x33 ..\obj\startup_Cortex_M4.o
 .ARM.attributes
                0x000000ff       0x1e c:/program files (x86)/gnu tools arm embedded/4.9 2015q1/bin/../lib/gcc/arm-none-eabi/4.9.3/armv7e-m\libgcc.a(_arm_addsubdf3.o)
 .ARM.attributes
                0x0000011d       0x1e c:/program files (x86)/gnu tools arm embedded/4.9 2015q1/bin/../lib/gcc/arm-none-eabi/4.9.3/armv7e-m\libgcc.a(_arm_muldivdf3.o)
 .ARM.attributes
                0x0000013b       0x1e c:/program files (x86)/gnu tools arm embedded/4.9 2015q1/bin/../lib/gcc/arm-none-eabi/4.9.3/armv7e-m\libgcc.a(_arm_truncdfsf2.o)

.debug_frame    0x00000000     0x19a4
 .debug_frame   0x00000000      0x898 ..\obj\i2c.o
 .debug_frame   0x00000898      0x184 ..\obj\main.o
 .debug_frame   0x00000a1c      0x844 ..\obj\sysctl.o
 .debug_frame   0x00001260      0x6f8 ..\obj\gpio.o
 .debug_frame   0x00001958       0x4c ..\obj\startup_Cortex_M4.o
